// Jest Snapshot v1, https://goo.gl/fbAQLP

exports[`Pruebas en GifGridItem debe mostrar el componente correctamente 1`] = `
<div
  className="card animate_animated animate__fadeIn"
>
  <img
    alt="Un título"
    src="https://www.google.es"
  />
  <p>
     
    Un título
     
  </p>
</div>
`;
